warning: in the working copy of 'Velocitex.csproj', LF will be replaced by CRLF the next time Git touches it
warning: in the working copy of 'assets/models/EditableWallsBlender/Room01Walls.blend.import', LF will be replaced by CRLF the next time Git touches it
warning: in the working copy of 'assets/models/EditableWallsBlender/Room02Walls.blend.import', LF will be replaced by CRLF the next time Git touches it
warning: in the working copy of 'assets/models/EditableWallsBlender/Room03Walls.blend.import', LF will be replaced by CRLF the next time Git touches it
warning: in the working copy of 'assets/models/EditableWallsBlender/Room04Walls.blend.import', LF will be replaced by CRLF the next time Git touches it
warning: in the working copy of 'assets/models/EditableWallsBlender/Room05Walls.blend.import', LF will be replaced by CRLF the next time Git touches it
warning: in the working copy of 'assets/models/EditableWallsBlender/Room06Walls.blend.import', LF will be replaced by CRLF the next time Git touches it
warning: in the working copy of 'assets/models/EditableWallsBlender/Room07Walls.blend.import', LF will be replaced by CRLF the next time Git touches it
warning: in the working copy of 'assets/models/EditableWallsBlender/Room08Walls.blend.import', LF will be replaced by CRLF the next time Git touches it
warning: in the working copy of 'assets/models/EditableWallsBlender/Room09Walls.blend.import', LF will be replaced by CRLF the next time Git touches it
warning: in the working copy of 'assets/models/EditableWallsBlender/Room10Walls.blend.import', LF will be replaced by CRLF the next time Git touches it
warning: in the working copy of 'assets/models/EditableWallsBlender/Room11Walls.blend.import', LF will be replaced by CRLF the next time Git touches it
warning: in the working copy of 'assets/models/EditableWallsBlender/Room12Walls.blend.import', LF will be replaced by CRLF the next time Git touches it
warning: in the working copy of 'assets/models/EditableWallsBlender/Room13Walls.blend.import', LF will be replaced by CRLF the next time Git touches it
warning: in the working copy of 'assets/models/EditableWallsBlender/Room14Walls.blend.import', LF will be replaced by CRLF the next time Git touches it
warning: in the working copy of 'assets/models/EditableWallsBlender/Room15Walls.blend.import', LF will be replaced by CRLF the next time Git touches it
warning: in the working copy of 'assets/models/EditableWallsBlender/Room16Walls.blend.import', LF will be replaced by CRLF the next time Git touches it
warning: in the working copy of 'assets/models/EditableWallsBlender/Room17Walls.blend.import', LF will be replaced by CRLF the next time Git touches it
warning: in the working copy of 'assets/models/EditableWallsBlender/Room18Walls.blend.import', LF will be replaced by CRLF the next time Git touches it
warning: in the working copy of 'assets/models/EditableWallsBlender/Room19Walls.blend.import', LF will be replaced by CRLF the next time Git touches it
warning: in the working copy of 'assets/models/EditableWallsBlender/Room20Walls.blend.import', LF will be replaced by CRLF the next time Git touches it
warning: in the working copy of 'assets/models/EditableWallsBlender/Room21Walls.blend.import', LF will be replaced by CRLF the next time Git touches it
warning: in the working copy of 'assets/models/EditableWallsBlender/Room22Walls.blend.import', LF will be replaced by CRLF the next time Git touches it
warning: in the working copy of 'assets/models/EditableWallsBlender/Room23Walls.blend.import', LF will be replaced by CRLF the next time Git touches it
warning: in the working copy of 'assets/models/EditableWallsBlender/Room24Walls.blend.import', LF will be replaced by CRLF the next time Git touches it
warning: in the working copy of 'assets/models/EditableWallsBlender/Room25Walls.blend.import', LF will be replaced by CRLF the next time Git touches it
warning: in the working copy of 'assets/models/EditableWallsBlender/Room27Walls.blend.import', LF will be replaced by CRLF the next time Git touches it
warning: in the working copy of 'assets/models/EditableWallsBlender/Room28Walls.blend.import', LF will be replaced by CRLF the next time Git touches it
warning: in the working copy of 'assets/models/EditableWallsBlender/Room29Walls.blend.import', LF will be replaced by CRLF the next time Git touches it
warning: in the working copy of 'assets/models/EditableWallsBlender/Room30Walls.blend.import', LF will be replaced by CRLF the next time Git touches it
warning: in the working copy of 'default_bus_layout.tres', LF will be replaced by CRLF the next time Git touches it
warning: in the working copy of 'export_presets.cfg', LF will be replaced by CRLF the next time Git touches it
warning: in the working copy of 'scripts/Test-BlenderDeletion.ps1', LF will be replaced by CRLF the next time Git touches it
warning: in the working copy of 'scripts/Test-CannonLoad.ps1', LF will be replaced by CRLF the next time Git touches it
warning: in the working copy of 'scripts/Test-Room21Mechanics.ps1', LF will be replaced by CRLF the next time Git touches it
warning: in the working copy of 'src/Core/Updates/ReleaseUpdateService.cs', LF will be replaced by CRLF the next time Git touches it
warning: in the working copy of 'src/Gameplay/Player/PlayerBall.cs', LF will be replaced by CRLF the next time Git touches it
warning: in the working copy of 'src/Gameplay/Rooms/BlenderRoomEdits.cs', LF will be replaced by CRLF the next time Git touches it
warning: in the working copy of 'src/Gameplay/Rooms/Room06Runtime.cs', LF will be replaced by CRLF the next time Git touches it
warning: in the working copy of 'src/Gameplay/Rooms/Room20Runtime.cs', LF will be replaced by CRLF the next time Git touches it
warning: in the working copy of 'src/Gameplay/Rooms/Room21Runtime.cs', LF will be replaced by CRLF the next time Git touches it
warning: in the working copy of 'src/Gameplay/Rooms/Room22Runtime.cs', LF will be replaced by CRLF the next time Git touches it
warning: in the working copy of 'src/Gameplay/Rooms/Room23Runtime.cs', LF will be replaced by CRLF the next time Git touches it
warning: in the working copy of 'src/Gameplay/Rooms/Room27Runtime.cs', LF will be replaced by CRLF the next time Git touches it
warning: in the working copy of 'src/Gameplay/TestRoom/MovementTestRoom.cs', LF will be replaced by CRLF the next time Git touches it
warning: in the working copy of 'src/Tests/BlenderRoomExactSmokeTest.cs', LF will be replaced by CRLF the next time Git touches it
warning: in the working copy of 'src/Tests/ExitPresentationSmokeTest.cs', LF will be replaced by CRLF the next time Git touches it
warning: in the working copy of 'src/Tests/RoomShellContainmentSmokeTest.cs', LF will be replaced by CRLF the next time Git touches it
warning: in the working copy of 'src/UI/AppRoot.cs', LF will be replaced by CRLF the next time Git touches it
warning: in the working copy of 'tools/blender/reference/Room06.json', LF will be replaced by CRLF the next time Git touches it
