Godot Engine v4.7.stable.mono.official.5b4e0cb0f - https://godotengine.org

EDITABLE_WALL_BAKE_ROOM_PASS: Room 01
EDITABLE_WALL_BAKE_ROOM_PASS: Room 02
EDITABLE_WALL_BAKE_ROOM_PASS: Room 03
EDITABLE_WALL_BAKE_ROOM_PASS: Room 04
EDITABLE_WALL_BAKE_ROOM_PASS: Room 05
EDITABLE_WALL_BAKE_ROOM_PASS: Room 06
EDITABLE_WALL_BAKE_ROOM_PASS: Room 07
EDITABLE_WALL_BAKE_ROOM_PASS: Room 08
EDITABLE_WALL_BAKE_ROOM_PASS: Room 09
EDITABLE_WALL_BAKE_ROOM_PASS: Room 10
EDITABLE_WALL_BAKE_ROOM_PASS: Room 11
EDITABLE_WALL_BAKE_ROOM_PASS: Room 12
EDITABLE_WALL_BAKE_ROOM_PASS: Room 13
EDITABLE_WALL_BAKE_ROOM_PASS: Room 14
EDITABLE_WALL_BAKE_ROOM_PASS: Room 15
EDITABLE_WALL_BAKE_ROOM_PASS: Room 16
EDITABLE_WALL_BAKE_ROOM_PASS: Room 17
EDITABLE_WALL_BAKE_ROOM_PASS: Room 18
ERROR: Cannot save file 'res://scenes/Room19.tscn'.
   at: save (scene/resources/resource_format_text.cpp:1768)
   C# backtrace (most recent call first):
       [0] int Godot.NativeCalls.godot_icall_3_1270(nint, nint, nint, string, int) (/root/godot/modules/mono/glue/GodotSharp/GodotSharp/Generated/NativeCalls.cs:11632)
       [1] Godot.Error Godot.ResourceSaver.Save(Godot.Resource, string, Godot.ResourceSaver+SaverFlags) (/root/godot/modules/mono/glue/GodotSharp/GodotSharp/Generated/GodotObjects/ResourceSaver.cs:70)
       [2] void Velocitex.Tools.EditableWallBaker+<_Ready>d__0.MoveNext() (C:\Users\alont\OneDrive\מסמכים\Alon\Velocitex\src\Tools\EditableWallBaker.cs:64)
       [3] void System.Threading.ExecutionContext.RunInternal(System.Threading.ExecutionContext, System.Threading.ContextCallback, object)
       [4] void System.Runtime.CompilerServices.AsyncTaskMethodBuilder`1+AsyncStateMachineBox`1.MoveNext()
       [5] void Godot.SignalAwaiter.SignalCallback(nint, Godot.NativeInterop.godot_variant**, int, Godot.NativeInterop.godot_bool*) (/root/godot/modules/mono/glue/GodotSharp/GodotSharp/Core/SignalAwaiter.cs:65)
ERROR: EDITABLE_WALL_BAKE_FAIL: res://scenes/Room19.tscn: CantOpen
   at: void Velocitex.Tools.EditableWallBaker+<_Ready>d__0.MoveNext() (res://src/Tools/EditableWallBaker.cs:70)
   C# backtrace (most recent call first):
       [0] void Godot.GD.PushError(string) (/root/godot/modules/mono/glue/GodotSharp/GodotSharp/Core/GD.cs:366)
       [1] void Velocitex.Tools.EditableWallBaker+<_Ready>d__0.MoveNext() (C:\Users\alont\OneDrive\מסמכים\Alon\Velocitex\src\Tools\EditableWallBaker.cs:70)
       [2] void System.Threading.ExecutionContext.RunInternal(System.Threading.ExecutionContext, System.Threading.ContextCallback, object)
       [3] void System.Runtime.CompilerServices.AsyncTaskMethodBuilder`1+AsyncStateMachineBox`1.MoveNext()
       [4] void Godot.SignalAwaiter.SignalCallback(nint, Godot.NativeInterop.godot_variant**, int, Godot.NativeInterop.godot_bool*) (/root/godot/modules/mono/glue/GodotSharp/GodotSharp/Core/SignalAwaiter.cs:65)
